I'm sorry, but errors were detected in your script. Please correct the
errors listed below, and try again.


File "game/screens.rpy", line 348: style property define is not known.
    define gui.interface_text_size = 40
          ^

Ren'Py Version: Ren'Py 7.4.9.2142
Thu Oct 21 22:51:53 2021
